// Jest Snapshot v1, https://goo.gl/fbAQLP

exports[`vue_shared/components/awards_list default matches snapshot 1`] = `
<div
  class="awards js-awards-block"
>
  <button
    class="btn award-control"
    data-boundary="viewport"
    data-original-title="Ada, Leonardo, and Marie"
    data-testid="award-button"
    title=""
    type="button"
  >
    <span
      data-testid="award-html"
    >
      
    
      <gl-emoji
        data-name="thumbsup"
      />
      
  
    </span>
     
    <span
      class="award-control-text js-counter"
    >
      3
    </span>
  </button>
  <button
    class="btn award-control active"
    data-boundary="viewport"
    data-original-title="You, Ada, and Marie"
    data-testid="award-button"
    title=""
    type="button"
  >
    <span
      data-testid="award-html"
    >
      
    
      <gl-emoji
        data-name="thumbsdown"
      />
      
  
    </span>
     
    <span
      class="award-control-text js-counter"
    >
      3
    </span>
  </button>
  <button
    class="btn award-control"
    data-boundary="viewport"
    data-original-title="Ada and Jane"
    data-testid="award-button"
    title=""
    type="button"
  >
    <span
      data-testid="award-html"
    >
      
    
      <gl-emoji
        data-name="smile"
      />
      
  
    </span>
     
    <span
      class="award-control-text js-counter"
    >
      2
    </span>
  </button>
  <button
    class="btn award-control active"
    data-boundary="viewport"
    data-original-title="You, Ada, Jane, and Leonardo"
    data-testid="award-button"
    title=""
    type="button"
  >
    <span
      data-testid="award-html"
    >
      
    
      <gl-emoji
        data-name="ok_hand"
      />
      
  
    </span>
     
    <span
      class="award-control-text js-counter"
    >
      4
    </span>
  </button>
  <button
    class="btn award-control active"
    data-boundary="viewport"
    data-original-title="You"
    data-testid="award-button"
    title=""
    type="button"
  >
    <span
      data-testid="award-html"
    >
      
    
      <gl-emoji
        data-name="cactus"
      />
      
  
    </span>
     
    <span
      class="award-control-text js-counter"
    >
      1
    </span>
  </button>
  <button
    class="btn award-control"
    data-boundary="viewport"
    data-original-title="Marie"
    data-testid="award-button"
    title=""
    type="button"
  >
    <span
      data-testid="award-html"
    >
      
    
      <gl-emoji
        data-name="a"
      />
      
  
    </span>
     
    <span
      class="award-control-text js-counter"
    >
      1
    </span>
  </button>
  <button
    class="btn award-control active"
    data-boundary="viewport"
    data-original-title="You"
    data-testid="award-button"
    title=""
    type="button"
  >
    <span
      data-testid="award-html"
    >
      
    
      <gl-emoji
        data-name="b"
      />
      
  
    </span>
     
    <span
      class="award-control-text js-counter"
    >
      1
    </span>
  </button>
   
  <div
    class="award-menu-holder"
  >
    <button
      aria-label="Add reaction"
      class="award-control btn js-add-award js-test-add-button-class"
      data-boundary="viewport"
      data-original-title="Add reaction"
      title=""
      type="button"
    >
      <span
        class="award-control-icon award-control-icon-neutral"
      >
        <gl-icon-stub
          aria-hidden="true"
          name="slight-smile"
          size="16"
        />
      </span>
       
      <span
        class="award-control-icon award-control-icon-positive"
      >
        <gl-icon-stub
          aria-hidden="true"
          name="smiley"
          size="16"
        />
      </span>
       
      <span
        class="award-control-icon award-control-icon-super-positive"
      >
        <gl-icon-stub
          aria-hidden="true"
          name="smiley"
          size="16"
        />
      </span>
       
      <i
        aria-hidden="true"
        class="fa fa-spinner fa-spin award-control-icon award-control-icon-loading"
      />
    </button>
  </div>
</div>
`;
